# head: da784479867c6ff75d53a256ed4ce1f092e1fe4d
# started: 2026-10-03T22:55:19+03:00
# cargo test -p lurq --lib --locked --offline --features canvas,perf_profile,wgpu,dx12,screenshot residency_tests -- --ignored --test-threads=1
warning: variable does not need to be mutable
    --> crates\lurq\src\layout\layout_engine.rs:4041:9
     |
4041 |     let mut new: Node = crate::node::Element::from(crate::components::Spacer::new().height(3000.0)).into_node();
     |         ----^^^
     |         |
     |         help: remove this `mut`
     |
     = note: `#[warn(unused_mut)]` (part of `#[warn(unused)]`) on by default

warning: variable does not need to be mutable
    --> crates\lurq\src\layout\layout_engine.rs:4168:9
     |
4168 |     let mut new = column(3000.0);
     |         ----^^^
     |         |
     |         help: remove this `mut`

warning: variable does not need to be mutable
    --> crates\lurq\src\layout\layout_engine.rs:4338:9
     |
4338 |     let mut new = stack(30.0, 40.0);
     |         ----^^^
     |         |
     |         help: remove this `mut`

warning: function `blend_screenshot_pixel` is never used
    --> crates\lurq\src\app\runtime.rs:9071:4
     |
9071 | fn blend_screenshot_pixel(pixels: &mut [u8], width: u32, x: u32, y: u32, source: [u8; 4]) {
     |    ^^^^^^^^^^^^^^^^^^^^^^
     |
     = note: `#[warn(dead_code)]` (part of `#[warn(unused)]`) on by default

warning: constant `DEFAULT_RESOURCE_WIDTH` is never used
  --> crates\lurq\src\layout\layout_engine.rs:61:7
   |
61 | const DEFAULT_RESOURCE_WIDTH: f32 = 0.0;
   |       ^^^^^^^^^^^^^^^^^^^^^^

warning: constant `DEFAULT_RESOURCE_HEIGHT` is never used
  --> crates\lurq\src\layout\layout_engine.rs:63:7
   |
63 | const DEFAULT_RESOURCE_HEIGHT: f32 = 0.0;
   |       ^^^^^^^^^^^^^^^^^^^^^^^

warning: `lurq` (lib test) generated 6 warnings (run `cargo fix --lib -p lurq --tests` to apply 3 suggestions)
    Finished `test` profile [unoptimized + debuginfo] target(s) in 0.37s
     Running unittests src\lib.rs (.tmp/target\debug\deps\lurq-0dce37015b6043a2.exe)

running 2 tests
test app::wgpu_render::canvas::residency_tests::gpu_canvas_keeps_every_asset_of_a_frame_larger_than_the_budget ... FAILED
test app::wgpu_render::canvas::residency_tests::gpu_canvas_uploads_a_page_of_labels_once ... FAILED

failures:

---- app::wgpu_render::canvas::residency_tests::gpu_canvas_keeps_every_asset_of_a_frame_larger_than_the_budget stdout ----
canvas GPU: AdapterInfo { name: "NVIDIA GeForce RTX 5080", vendor: 4318, device: 11266, device_type: DiscreteGpu, device_pci_bus_id: "0000:01:00.0", driver: "NVIDIA", driver_info: "596.49", backend: Vulkan, subgroup_min_size: 32, subgroup_max_size: 32, transient_saves_memory: false }

thread 'app::wgpu_render::canvas::residency_tests::gpu_canvas_keeps_every_asset_of_a_frame_larger_than_the_budget' (44236) panicked at crates\lurq\src\app\wgpu_render\canvas\residency_tests.rs:43:3:
assertion `left == right` failed: images of the previous frame were uploaded again
  left: [77824, 77824, 77824]
 right: [0, 0, 0]
note: run with `RUST_BACKTRACE=1` environment variable to display a backtrace

---- app::wgpu_render::canvas::residency_tests::gpu_canvas_uploads_a_page_of_labels_once stdout ----
canvas GPU: AdapterInfo { name: "NVIDIA GeForce RTX 5080", vendor: 4318, device: 11266, device_type: DiscreteGpu, device_pci_bus_id: "0000:01:00.0", driver: "NVIDIA", driver_info: "596.49", backend: Vulkan, subgroup_min_size: 32, subgroup_max_size: 32, transient_saves_memory: false }

thread 'app::wgpu_render::canvas::residency_tests::gpu_canvas_uploads_a_page_of_labels_once' (27912) panicked at crates\lurq\src\app\wgpu_render\canvas\residency_tests.rs:69:3:
assertion `left == right` failed: labels of the previous frame were uploaded again
  left: [687528, 687528, 687528]
 right: [0, 0, 0]


failures:
    app::wgpu_render::canvas::residency_tests::gpu_canvas_keeps_every_asset_of_a_frame_larger_than_the_budget
    app::wgpu_render::canvas::residency_tests::gpu_canvas_uploads_a_page_of_labels_once

test result: FAILED. 0 passed; 2 failed; 0 ignored; 0 measured; 240 filtered out; finished in 4.49s

error: test failed, to rerun pass `-p lurq --lib`
# exit: 101 at 2026-10-03T22:55:25+03:00
