# head: f06833953d621cc915616a38903f50f8e2be626a tree: 7c4a9d7cd478f8deb0f33a1d428123d08b6fa9ff dirty-source-files: 0
# started: 2026-10-04T17:15:02+03:00
# cargo test -p lurq --lib --locked --offline --features canvas,perf_profile,wgpu,dx12,screenshot wgpu_render::canvas -- --ignored --test-threads=1 --skip canvas_gpu_performance
warning: variable does not need to be mutable
    --> crates\lurq\src\layout\layout_engine.rs:4054:9
     |
4054 |     let mut new: Node = crate::node::Element::from(crate::components::Spacer::new().height(3000.0)).into_node();
     |         ----^^^
     |         |
     |         help: remove this `mut`
     |
     = note: `#[warn(unused_mut)]` (part of `#[warn(unused)]`) on by default

warning: variable does not need to be mutable
    --> crates\lurq\src\layout\layout_engine.rs:4181:9
     |
4181 |     let mut new = column(3000.0);
     |         ----^^^
     |         |
     |         help: remove this `mut`

warning: variable does not need to be mutable
    --> crates\lurq\src\layout\layout_engine.rs:4351:9
     |
4351 |     let mut new = stack(30.0, 40.0);
     |         ----^^^
     |         |
     |         help: remove this `mut`

warning: function `blend_screenshot_pixel` is never used
    --> crates\lurq\src\app\runtime.rs:9071:4
     |
9071 | fn blend_screenshot_pixel(pixels: &mut [u8], width: u32, x: u32, y: u32, source: [u8; 4]) {
     |    ^^^^^^^^^^^^^^^^^^^^^^
     |
     = note: `#[warn(dead_code)]` (part of `#[warn(unused)]`) on by default

warning: constant `DEFAULT_RESOURCE_WIDTH` is never used
  --> crates\lurq\src\layout\layout_engine.rs:63:7
   |
63 | const DEFAULT_RESOURCE_WIDTH: f32 = 0.0;
   |       ^^^^^^^^^^^^^^^^^^^^^^

warning: constant `DEFAULT_RESOURCE_HEIGHT` is never used
  --> crates\lurq\src\layout\layout_engine.rs:65:7
   |
65 | const DEFAULT_RESOURCE_HEIGHT: f32 = 0.0;
   |       ^^^^^^^^^^^^^^^^^^^^^^^

warning: `lurq` (lib test) generated 6 warnings (run `cargo fix --lib -p lurq --tests` to apply 3 suggestions)
    Finished `test` profile [unoptimized + debuginfo] target(s) in 0.40s
     Running unittests src\lib.rs (.tmp/target\debug\deps\lurq-305bb5cfc59a0081.exe)

running 5 tests
test app::wgpu_render::canvas::camera_tests::gpu_canvas_camera_cache_pixels ... ok
test app::wgpu_render::canvas::residency_tests::gpu_canvas_keeps_every_asset_of_a_frame_larger_than_the_budget ... ok
test app::wgpu_render::canvas::residency_tests::gpu_canvas_uploads_a_page_of_labels_once ... ok
test app::wgpu_render::canvas::tests::gpu_canvas_effects_match_the_software_backend ... ok
test app::wgpu_render::canvas::tests::gpu_canvas_pixels_ordering_clips_resize_and_asset_reuse ... ok

test result: ok. 5 passed; 0 failed; 0 ignored; 0 measured; 254 filtered out; finished in 9.49s

# finished: 2026-10-04T17:15:13+03:00 exit: 0
