warning: variable does not need to be mutable
    --> crates\lurq\src\layout\layout_engine.rs:3978:9
     |
3978 |     let mut new: Node = crate::node::Element::from(crate::components::Spacer::new().height(3000.0)).into_node();
     |         ----^^^
     |         |
     |         help: remove this `mut`
     |
     = note: `#[warn(unused_mut)]` (part of `#[warn(unused)]`) on by default

warning: variable does not need to be mutable
    --> crates\lurq\src\layout\layout_engine.rs:4035:9
     |
4035 |     let mut new = column(3000.0);
     |         ----^^^
     |         |
     |         help: remove this `mut`

warning: variable does not need to be mutable
    --> crates\lurq\src\layout\layout_engine.rs:4205:9
     |
4205 |     let mut new = stack(30.0, 40.0);
     |         ----^^^
     |         |
     |         help: remove this `mut`

warning: function `blend_screenshot_pixel` is never used
    --> crates\lurq\src\app\runtime.rs:8777:4
     |
8777 | fn blend_screenshot_pixel(pixels: &mut [u8], width: u32, x: u32, y: u32, source: [u8; 4]) {
     |    ^^^^^^^^^^^^^^^^^^^^^^
     |
     = note: `#[warn(dead_code)]` (part of `#[warn(unused)]`) on by default

warning: `lurq` (lib test) generated 4 warnings (run `cargo fix --lib -p lurq --tests` to apply 3 suggestions)
    Finished `test` profile [unoptimized] target(s) in 0.40s
     Running unittests src\lib.rs (.tmp\target\debug\deps\lurq-91422d55971da036.exe)

running 10 tests
test app::window::tests::close_tests::close_bypasses_handler_and_no_handler_preserves_behavior ... ok
test app::window::tests::close_tests::close_veto_cancel_drop_and_delayed_proceed ... ok
test app::window::tests::close_tests::proceed_wakes_event_loop_and_request_does_not_own_window ... ok
test app::window::tests::close_tests::reentrant_requests_are_deferred_and_registration_is_reentrant ... ok
test app::window::tests::tests::window_handle_queues_title_bar_and_icon_commands ... ok
test app::window::tests::tests::window_icon_from_rgba_rejects_wrong_pixel_count - should panic ... ok
test app::window::tests::tests::window_icon_from_rgba_stores_dimensions_and_pixels ... ok
test app::window::tests::title_tests::initial_title_does_not_replace_an_app_title ... ok
test app::window::tests::title_tests::set_title_queues_changes_only ... ok
test app::window::tests::title_tests::set_title_wakes_the_event_loop ... ok

test result: ok. 10 passed; 0 failed; 0 ignored; 0 measured; 160 filtered out; finished in 0.00s

